<html>
<body>
<pre>
<h1>礦ision Build Log</h1>
<h2>Project:</h2>
E:\demo\DMA电机40000脉冲（波特率）改1\Template.uvprojx
Project File Date:  08/19/2018

<h2>Output:</h2>
Build target 'Target 1'
compiling usart.c...
Public\usart.c(64): warning:  #9-D: nested comment is not allowed
  ////*******************************************************************************/ 
Public\usart.c: 1 warning, 0 errors
linking...
Program Size: Code=2648 RO-data=336 RW-data=36 ZI-data=3028  
FromELF: creating hex file...
".\Obj\Template.axf" - 0 Error(s), 1 Warning(s).
</pre>
</body>
</html>
